###############################################################################
#                                                                             #
# IAR ANSI C/C++ Compiler V6.60.2.5449/W32 for ARM      10/Mar/2015  21:49:56 #
# Copyright 1999-2013 IAR Systems AB.                                         #
#                                                                             #
#    Cpu mode     =  thumb                                                    #
#    Endian       =  little                                                   #
#    Source file  =  C:\Users\Quinn\Documents\GitHub\motor-project\src\app\mo #
#                    torControl.c                                             #
#    Command line =  C:\Users\Quinn\Documents\GitHub\motor-project\src\app\mo #
#                    torControl.c -D __SAM3U2C__ --preprocess=c               #
#                    C:\Users\Quinn\Documents\GitHub\motor-project\project\De #
#                    bug\List\ -lcN C:\Users\Quinn\Documents\GitHub\motor-pro #
#                    ject\project\Debug\List\ --diag_suppress Pa050 -o        #
#                    C:\Users\Quinn\Documents\GitHub\motor-project\project\De #
#                    bug\Obj\ --no_cse --no_unroll --no_inline                #
#                    --no_code_motion --no_tbaa --no_clustering               #
#                    --no_scheduling --debug --endian=little --cpu=Cortex-M3  #
#                    -e --fpu=None --dlib_config "C:\Program Files (x86)\IAR  #
#                    Systems\Embedded Workbench 6.5\arm\INC\c\DLib_Config_Nor #
#                    mal.h" -I C:\Users\Quinn\Documents\GitHub\motor-project\ #
#                    project\..\src\ -I C:\Users\Quinn\Documents\GitHub\motor #
#                    -project\project\..\src\bsp\ -I                          #
#                    C:\Users\Quinn\Documents\GitHub\motor-project\project\.. #
#                    \src\app\ -I C:\Users\Quinn\Documents\GitHub\motor-proje #
#                    ct\project\..\src\lib\utils\ -I                          #
#                    C:\Users\Quinn\Documents\GitHub\motor-project\project\.. #
#                    \src\lib\structures\src\ -I                              #
#                    C:\Users\Quinn\Documents\GitHub\motor-project\project\.. #
#                    \src\lib\file\ -I C:\Users\Quinn\Documents\GitHub\motor- #
#                    project\project\..\src\lib\file\hooks\FatFs\ -I          #
#                    C:\Users\Quinn\Documents\GitHub\motor-project\project\.. #
#                    \src\lib\file\disk\ -I C:\Users\Quinn\Documents\GitHub\m #
#                    otor-project\project\..\src\lib\version\ -I              #
#                    C:\Users\Quinn\Documents\GitHub\motor-project\project\.. #
#                    \src\lib\FatFs\ -I C:\Users\Quinn\Documents\GitHub\motor #
#                    -project\project\..\src\bsp\ -I                          #
#                    C:\Users\Quinn\Documents\GitHub\motor-project\project\.. #
#                    \src\config\ -I C:\Users\Quinn\Documents\GitHub\motor-pr #
#                    oject\project\..\src\drivers\ -I                         #
#                    C:\Users\Quinn\Documents\GitHub\motor-project\project\.. #
#                    \src\utils\ -I C:\Users\Quinn\Documents\GitHub\motor-pro #
#                    ject\project\..\src\drivers\ -On -I "C:\Program Files    #
#                    (x86)\IAR Systems\Embedded Workbench                     #
#                    6.5\arm\CMSIS\Include\"                                  #
#    List file    =  C:\Users\Quinn\Documents\GitHub\motor-project\project\De #
#                    bug\List\motorControl.lst                                #
#    Object file  =  C:\Users\Quinn\Documents\GitHub\motor-project\project\De #
#                    bug\Obj\motorControl.o                                   #
#                                                                             #
#                                                                             #
###############################################################################

C:\Users\Quinn\Documents\GitHub\motor-project\src\app\motorControl.c
      1          /*******************************************************************************************
      2          Description:
      3          Determines required frequency and voltage for given RPM input
      4          
      5          Quinn Miller
      6          ********************************************************************************************/
      7          
      8          
      9          #include "motorControl.h"
     10          #include "tact.h"
     11          #include "solenoid.h"
     12          #include "led.h"
     13          #include "lcd.h"
     14          
     15          
     16          /**************************************************************************
     17           *                                  Constants
     18           **************************************************************************/
     19          /**************************************************************************
     20           *                                  Types
     21           **************************************************************************/
     22          /**************************************************************************
     23           *                                  Variables
     24           **************************************************************************/
     25          /**************************************************************************
     26           *                                  Prototypes
     27           **************************************************************************/
     28          /**************************************************************************
     29           *                                  Global Functions
     30           **************************************************************************/
     31          void MotorControlInit () {
     32            TactInit();
     33          }
     34          
     35          void MotorControlUpdate () {
     36            
     37            
     38            
     39            /* Testing123 TactDriver *
     40            if (GetTimeSinceTick() > 4000) LedSet(LED_BLUE, true);
     41            LcdSetPos(0,0);
     42            LcdPrintf("%d \n", (int)GetRPM());
     43            /* Testing123 TactDriver */
     44            
     45            SolenoidUpdate();
     46          }
     47          
     48          /**************************************************************************
     49           *                                 Private Functions
     50           **************************************************************************/
     51          
     52          
     53          

   Maximum stack usage in bytes:

   .cstack Function
   ------- --------
       8   MotorControlInit
         8   -> TactInit
       8   MotorControlUpdate
         8   -> SolenoidUpdate


   Section sizes:

   Bytes  Function/Label
   -----  --------------
       8  MotorControlInit
       8  MotorControlUpdate

 
 16 bytes in section .text
 
 16 bytes of CODE memory

Errors: none
Warnings: 1
