###############################################################################
#                                                                             #
# IAR ELF Linker V6.60.2.5449/W32 for ARM               10/Mar/2015  21:59:04 #
# Copyright 2007-2013 IAR Systems AB.                                         #
#                                                                             #
#    Output file  =  C:\Users\Quinn\Documents\GitHub\motor-project\project\De #
#                    bug\Exe\mpgL1Demo.out                                    #
#    Map file     =  C:\Users\Quinn\Documents\GitHub\motor-project\project\De #
#                    bug\List\mpgL1Demo.map                                   #
#    Command line =  C:\Users\Quinn\Documents\GitHub\motor-project\project\De #
#                    bug\Obj\beeper.o C:\Users\Quinn\Documents\GitHub\motor-p #
#                    roject\project\Debug\Obj\board_cstartup_iar.o            #
#                    C:\Users\Quinn\Documents\GitHub\motor-project\project\De #
#                    bug\Obj\bsp.o C:\Users\Quinn\Documents\GitHub\motor-proj #
#                    ect\project\Debug\Obj\button.o                           #
#                    C:\Users\Quinn\Documents\GitHub\motor-project\project\De #
#                    bug\Obj\circularBuffer.o C:\Users\Quinn\Documents\GitHub #
#                    \motor-project\project\Debug\Obj\demo.o                  #
#                    C:\Users\Quinn\Documents\GitHub\motor-project\project\De #
#                    bug\Obj\ff.o C:\Users\Quinn\Documents\GitHub\motor-proje #
#                    ct\project\Debug\Obj\file.o                              #
#                    C:\Users\Quinn\Documents\GitHub\motor-project\project\De #
#                    bug\Obj\fileFat.o C:\Users\Quinn\Documents\GitHub\motor- #
#                    project\project\Debug\Obj\fileSystem.o                   #
#                    C:\Users\Quinn\Documents\GitHub\motor-project\project\De #
#                    bug\Obj\futils.o C:\Users\Quinn\Documents\GitHub\motor-p #
#                    roject\project\Debug\Obj\gpio.o                          #
#                    C:\Users\Quinn\Documents\GitHub\motor-project\project\De #
#                    bug\Obj\i2c.o C:\Users\Quinn\Documents\GitHub\motor-proj #
#                    ect\project\Debug\Obj\irq.o                              #
#                    C:\Users\Quinn\Documents\GitHub\motor-project\project\De #
#                    bug\Obj\itemQ.o C:\Users\Quinn\Documents\GitHub\motor-pr #
#                    oject\project\Debug\Obj\lcd.o                            #
#                    C:\Users\Quinn\Documents\GitHub\motor-project\project\De #
#                    bug\Obj\led.o C:\Users\Quinn\Documents\GitHub\motor-proj #
#                    ect\project\Debug\Obj\main.o                             #
#                    C:\Users\Quinn\Documents\GitHub\motor-project\project\De #
#                    bug\Obj\motorControl.o C:\Users\Quinn\Documents\GitHub\m #
#                    otor-project\project\Debug\Obj\rtc.o                     #
#                    C:\Users\Quinn\Documents\GitHub\motor-project\project\De #
#                    bug\Obj\sd.o C:\Users\Quinn\Documents\GitHub\motor-proje #
#                    ct\project\Debug\Obj\solenoid.o                          #
#                    C:\Users\Quinn\Documents\GitHub\motor-project\project\De #
#                    bug\Obj\sysTick.o C:\Users\Quinn\Documents\GitHub\motor- #
#                    project\project\Debug\Obj\tact.o                         #
#                    C:\Users\Quinn\Documents\GitHub\motor-project\project\De #
#                    bug\Obj\threadUtils.o C:\Users\Quinn\Documents\GitHub\mo #
#                    tor-project\project\Debug\Obj\time.o                     #
#                    C:\Users\Quinn\Documents\GitHub\motor-project\project\De #
#                    bug\Obj\timer.o C:\Users\Quinn\Documents\GitHub\motor-pr #
#                    oject\project\Debug\Obj\usart.o                          #
#                    C:\Users\Quinn\Documents\GitHub\motor-project\project\De #
#                    bug\Obj\utils.o C:\Users\Quinn\Documents\GitHub\motor-pr #
#                    oject\project\Debug\Obj\version.o                        #
#                    C:\Users\Quinn\Documents\GitHub\motor-project\project\De #
#                    bug\Obj\wdt.o --redirect _Printf=_PrintfSmallNoMb -o     #
#                    C:\Users\Quinn\Documents\GitHub\motor-project\project\De #
#                    bug\Exe\mpgL1Demo.out --map                              #
#                    C:\Users\Quinn\Documents\GitHub\motor-project\project\De #
#                    bug\List\mpgL1Demo.map --config                          #
#                    C:\Users\Quinn\Documents\GitHub\motor-project\project\sa #
#                    m3u2-flash.icf --semihosting --entry                     #
#                    __iar_program_start --vfe                                #
#                                                                             #
#                                                                             #
###############################################################################

*******************************************************************************
*** RUNTIME MODEL ATTRIBUTES
***

CppFlavor                     = *
__Heap_Handler                = Basic
__SystemLibrary               = DLib
__dlib_dynamic_initialization = normal


*******************************************************************************
*** PLACEMENT SUMMARY
***

"A1":  place at 0x00080000 { ro section .intvec };
"P1":  place in [from 0x00080000 to 0x0009ffff] { ro };
"P2":  place in [from 0x20000000 to 0x20003fff] { rw, block HEAP };
"P3":  place in [from 0x20080000 to 0x20083fff] { block CSTACK };

  Section             Kind        Address    Size  Object
  -------             ----        -------    ----  ------
"A1":                                        0xbc
  .intvec                      0x00080000    0xbc  <Block>
    .intvec           const    0x00080000    0xbc  board_cstartup_iar.o [1]
                             - 0x000800bc    0xbc

"P1":                                      0x2f0c
  .text               ro code  0x000800bc   0x4a0  xprintfsmall_nomb.o [3]
  .text               ro code  0x0008055c    0x16  strchr.o [5]
  .text               ro code  0x00080572    0x2e  copy_init3.o [5]
  .text               ro code  0x000805a0    0x36  strlen.o [5]
  .text               ro code  0x000805d6    0x22  zero_init3.o [5]
  .text               ro code  0x000805f8    0x58  memchr.o [5]
  .text               ro code  0x00080650   0x434  gpio.o [1]
  .text               ro code  0x00080a84    0xf4  bsp.o [1]
  .text               ro code  0x00080b78    0x14  memset.o [3]
  .text               ro code  0x00080b8c    0x66  ABImemset.o [5]
  .text               ro code  0x00080bf2    0x1a  xsnprout.o [3]
  .text               ro code  0x00080c0c   0x350  lcd.o [1]
  .text               ro code  0x00080f5c   0x34c  i2c.o [1]
  .text               ro code  0x000812a8   0x266  itemQ.o [1]
  .text               ro code  0x00081510   0x268  timer.o [1]
  .text               ro code  0x00081778    0x3c  vsnprint.o [3]
  .text               ro code  0x000817b4    0x2a  lcd.o [1]
  .text               ro code  0x000817e0    0x62  memcmp_unaligned.o [5]
  .text               ro code  0x00081842     0xc  memcpy.o [3]
  .text               ro code  0x0008184e     0xc  lcd.o [1]
  .text               ro code  0x0008185a     0xc  lcd.o [1]
  .text               ro code  0x00081868    0x76  ABImemcpy_unaligned.o [5]
  .text               ro code  0x000818de    0x22  lcd.o [1]
  .text               ro code  0x00081900    0x2a  lcd.o [1]
  .text               ro code  0x0008192a    0x12  utils.o [1]
  .text               ro code  0x0008193c    0x12  lcd.o [1]
  .text               ro code  0x00081950   0x204  button.o [1]
  .text               ro code  0x00081b54   0x1ce  rtc.o [1]
  .text               ro code  0x00081d24    0xc0  version.o [1]
  .text               ro code  0x00081de4    0xd4  mktime.o [3]
  .text               ro code  0x00081eb8    0xba  localtim.o [3]
  .text               ro code  0x00081f72    0x2a  strncmp.o [3]
  .text               ro code  0x00081f9c     0x8  atoi.o [3]
  .text               ro code  0x00081fa4   0x188  xttotm.o [3]
  .text               ro code  0x0008212c     0x2  xtls.o [3]
  .text               ro code  0x00082130    0x29  setlocale.o [3]
  .text               ro code  0x0008215c     0xa  getzone.o [3]
  .text               ro code  0x00082166    0x42  xgettime.o [3]
  .text               ro code  0x000821a8    0x86  xstol.o [3]
  .text               ro code  0x00082230   0x174  xstoul.o [3]
  .text               ro code  0x000823a4   0x134  xisdst.o [3]
  .text               ro code  0x000824d8     0xc  errno.o [3]
  .text               ro code  0x000824e4   0x168  xgetdst.o [3]
  .text               ro code  0x0008264c    0x80  xxmemxfree.o [3]
  .text               ro code  0x000826cc    0xb0  xxmemxmalloc.o [3]
  .text               ro code  0x0008277c    0x2c  xgetmemchunk.o [3]
  .text               ro code  0x000827a8   0x1a8  led.o [1]
  .text               ro code  0x00082950    0xe0  usart.o [1]
  .text               ro code  0x00082a30    0xb4  solenoid.o [1]
  .text               ro code  0x00082ae4    0xa0  tact.o [1]
  .text               ro code  0x00082b84    0x2e  I32ToFlt.o [4]
  .text               ro code  0x00082bb4    0x8c  sysTick.o [1]
  .rodata             const    0x00082c40    0x80  led.o [1]
  .text               ro code  0x00082cc0    0x5c  beeper.o [1]
  .text               ro code  0x00082d1c    0x58  main.o [1]
  .text               ro code  0x00082d74    0x10  motorControl.o [1]
  .text               ro code  0x00082d84    0x18  wdt.o [1]
  .rodata             const    0x00082d9c    0x40  version.o [1]
  .text               ro code  0x00082ddc    0x3c  irq.o [1]
  .rodata             const    0x00082e18    0x30  version.o [1]
  .text               ro code  0x00082e48    0x28  data_init.o [5]
  .iar.init_table     const    0x00082e70    0x24  - Linker created -
  .text               ro code  0x00082e94    0x1a  cmain.o [5]
  .text               ro code  0x00082eb0    0x14  board_cstartup_iar.o [1]
  .text               ro code  0x00082ec4     0x4  exit.o [3]
  .text               ro code  0x00082ec8     0xa  cexit.o [5]
  .text               ro code  0x00082ed4    0x14  exit.o [6]
  .rodata             const    0x00082ee8    0x10  beeper.o [1]
  .rodata             const    0x00082ef8    0x10  i2c.o [1]
  .rodata             const    0x00082f08     0xc  led.o [1]
  .rodata             const    0x00082f14     0xc  solenoid.o [1]
  .text               ro code  0x00082f20     0xc  cstartup_M.o [5]
  .rodata             const    0x00082f2c     0x8  gpio.o [1]
  .rodata             const    0x00082f34     0x8  lcd.o [1]
  .rodata             const    0x00082f3c     0x8  lcd.o [1]
  .rodata             const    0x00082f44     0x8  lcd.o [1]
  .rodata             const    0x00082f4c     0x4  button.o [1]
  .rodata             const    0x00082f50     0x4  version.o [1]
  .rodata             const    0x00082f54     0x4  version.o [1]
  .rodata             const    0x00082f58     0x4  version.o [1]
  .rodata             const    0x00082f5c     0x4  version.o [1]
  .rodata             const    0x00082f60     0x4  version.o [1]
  .rodata             const    0x00082f64     0x4  version.o [1]
  .rodata             const    0x00082f68     0x4  version.o [1]
  .rodata             const    0x00082f6c     0x4  version.o [1]
  .rodata             const    0x00082f70     0x4  version.o [1]
  .rodata             const    0x00082f74     0x4  version.o [1]
  .rodata             const    0x00082f78     0x4  version.o [1]
  .rodata             const    0x00082f7c     0x4  version.o [1]
  .rodata             const    0x00082f80     0x0  zero_init3.o [5]
  .rodata             const    0x00082f80     0x0  copy_init3.o [5]
  Initializer bytes   ro data  0x00082f80    0x48  <for P2 s0>
                             - 0x00082fc8  0x2f0c

"P2", part 1 of 3:                           0x48
  P2 s0                        0x20000000    0x48  <Init block>
    __DLIB_PERTHREAD  inited   0x20000000    0x2c  xttotm.o [3]
    __DLIB_PERTHREAD  inited   0x2000002c     0x8  localtim.o [3]
    __DLIB_PERTHREAD  inited   0x20000034     0x8  setlocale.o [3]
    __DLIB_PERTHREAD  inited   0x2000003c     0x4  xisdst.o [3]
    __DLIB_PERTHREAD  inited   0x20000040     0x4  errno.o [3]
    __DLIB_PERTHREAD  inited   0x20000044     0x4  xisdstData.o [3]
                             - 0x20000048    0x48

"P2", part 2 of 3:                          0x3f8
  .bss                zero     0x20000048    0xe4  gpio.o [1]
  .bss                zero     0x2000012c    0xbc  lcd.o [1]
  .bss                zero     0x200001e8    0x8c  usart.o [1]
  .bss                zero     0x20000274    0x70  timer.o [1]
  .bss                zero     0x200002e4    0x58  led.o [1]
  .bss                zero     0x2000033c    0x50  button.o [1]
  .bss                zero     0x2000038c    0x30  i2c.o [1]
  .bss                zero     0x200003bc    0x30  rtc.o [1]
  .bss                zero     0x200003ec     0xc  led.o [1]
  .bss                zero     0x200003f8     0x8  xxmemxmalloc.o [3]
  .bss                zero     0x20000400     0x4  beeper.o [1]
  .bss                zero     0x20000404     0x4  solenoid.o [1]
  .bss                zero     0x20000408     0x4  solenoid.o [1]
  .bss                zero     0x2000040c     0x4  solenoid.o [1]
  .bss                zero     0x20000410     0x4  solenoid.o [1]
  .bss                zero     0x20000414     0x4  solenoid.o [1]
  .bss                zero     0x20000418     0x4  sysTick.o [1]
  .bss                zero     0x2000041c     0x4  tact.o [1]
  .bss                zero     0x20000420     0x4  tact.o [1]
  .bss                zero     0x20000424     0x4  tact.o [1]
  .bss                zero     0x20000428     0x4  tact.o [1]
  .bss                zero     0x2000042c     0x4  tact.o [1]
  .bss                zero     0x20000430     0x4  tact.o [1]
  .bss                zero     0x20000434     0x4  version.o [1]
  .bss                zero     0x20000438     0x4  xgetmemchunk.o [3]
                             - 0x2000043c   0x3f4

"P2", part 3 of 3:                          0x200
  HEAP                         0x20000440   0x200  <Block>
    HEAP              uninit   0x20000440   0x200  <Block tail>
                             - 0x20000640   0x200

"P3":                                      0x2000
  CSTACK                       0x20080000  0x2000  <Block>
    CSTACK            uninit   0x20080000  0x2000  <Block tail>
                             - 0x20082000  0x2000


*******************************************************************************
*** INIT TABLE
***

          Address     Size
          -------     ----
Zero (__iar_zero_init3)
    1 destination range, total size 0x3f4:
          0x20000048  0x3f4

Copy (__iar_copy_init3)
    1 source range, total size 0x48:
          0x00082f80   0x48
    1 destination range, total size 0x48:
          0x20000000   0x48



*******************************************************************************
*** MODULE SUMMARY
***

    Module                 ro code  ro data  rw data
    ------                 -------  -------  -------
C:\Users\Quinn\Documents\GitHub\motor-project\project\Debug\Obj: [1]
    beeper.o                    92       16        4
    board_cstartup_iar.o        20      188
    bsp.o                      244
    button.o                   516        4       80
    gpio.o                   1 076        8      228
    i2c.o                      844       16       48
    irq.o                       60
    itemQ.o                    614
    lcd.o                    1 008       24      188
    led.o                      424      140      100
    main.o                      88
    motorControl.o              16
    rtc.o                      462                48
    solenoid.o                 180       12       20
    sysTick.o                  140                 4
    tact.o                     160                24
    timer.o                    616               112
    usart.o                    224               140
    utils.o                     18
    version.o                  192      160        4
    wdt.o                       24
    ------------------------------------------------
    Total:                   7 018      568    1 000

command line: [2]
    ------------------------------------------------
    Total:

dl7M_tln.a: [3]
    atoi.o                       8
    errno.o                     12        4        4
    exit.o                       4
    getzone.o                   10
    localtim.o                 186        8        8
    memcpy.o                    12
    memset.o                    20
    mktime.o                   212
    setlocale.o                 41        8        8
    strncmp.o                   42
    vsnprint.o                  60
    xgetdst.o                  360
    xgetmemchunk.o              44                 4
    xgettime.o                  66
    xisdst.o                   308        4        4
    xisdstData.o                          4        4
    xprintfsmall_nomb.o      1 184
    xsnprout.o                  26
    xstol.o                    134
    xstoul.o                   372
    xtls.o                       2
    xttotm.o                   392       44       44
    xxmemxfree.o               128
    xxmemxmalloc.o             176                 8
    ------------------------------------------------
    Total:                   3 799       72       84

m7M_tl.a: [4]
    I32ToFlt.o                  46
    ------------------------------------------------
    Total:                      46

rt7M_tl.a: [5]
    ABImemcpy_unaligned.o      118
    ABImemset.o                102
    cexit.o                     10
    cmain.o                     26
    copy_init3.o                46
    cstartup_M.o                12
    data_init.o                 40
    memchr.o                    88
    memcmp_unaligned.o          98
    strchr.o                    22
    strlen.o                    54
    zero_init3.o                34
    ------------------------------------------------
    Total:                     650

shb_l.a: [6]
    exit.o                      20
    ------------------------------------------------
    Total:                      20

    Gaps                        23
    Linker created                       36    8 704
----------------------------------------------------
    Grand Total:            11 556      676    9 788


*******************************************************************************
*** ENTRY LIST
***

Entry                      Address   Size  Type      Object
-----                      -------   ----  ----      ------
.intvec$$Base           0x00080000          --   Gb  - Linker created -
.intvec$$Limit          0x000800bc          --   Gb  - Linker created -
?main                   0x00082e95         Code  Gb  cmain.o [5]
ADCC0_IrqHandler        0x00082e0f    0x2  Code  Wk  irq.o [1]
ADCC1_IrqHandler        0x00082e11    0x2  Code  Wk  irq.o [1]
BeeperChannelSetup      0x00082cef   0x22  Code  Lc  beeper.o [1]
BeeperInit              0x00082cc1   0x2e  Code  Gb  beeper.o [1]
Beepers                 0x00082ee8   0x10  Data  Lc  beeper.o [1]
BspClockInit            0x00080add   0x60  Code  Lc  bsp.o [1]
BspGetCpuClkFreq        0x00080aaf    0x4  Code  Gb  bsp.o [1]
BspInit                 0x00080a85   0x2a  Code  Gb  bsp.o [1]
BspPeriphOff            0x00080abd    0xa  Code  Gb  bsp.o [1]
BspPeriphOn             0x00080ab3    0xa  Code  Gb  bsp.o [1]
BspSleepWhile           0x00080ac7   0x16  Code  Gb  bsp.o [1]
BtnToGpio               0x00082f4c    0x4  Data  Lc  button.o [1]
BusFault_Handler        0x00082de3    0x2  Code  Wk  irq.o [1]
ButtonChangeIrq         0x00081a91   0xba  Code  Lc  button.o [1]
ButtonInit              0x00081951   0x4e  Code  Gb  button.o [1]
ButtonIsHeld            0x00081a4d   0x12  Code  Gb  button.o [1]
ButtonIsHeldXMs         0x00081a5f   0x30  Code  Gb  button.o [1]
ButtonIsPressed         0x00081a33   0x1a  Code  Gb  button.o [1]
ButtonUpdate            0x0008199f   0x94  Code  Gb  button.o [1]
CSTACK$$Base            0x20080000          --   Gb  - Linker created -
CSTACK$$Limit           0x20082000          --   Gb  - Linker created -
DBGU_IrqHandler         0x00082951    0xa  Code  Gb  usart.o [1]
DebugMon_Handler        0x00082de9    0x2  Code  Wk  irq.o [1]
EFC0_IrqHandler         0x00082df9    0x2  Code  Wk  irq.o [1]
EFC1_IrqHandler         0x00082dfb    0x2  Code  Wk  irq.o [1]
GetTimeSinceTick        0x00082b19    0xe  Code  Gb  tact.o [1]
GpioClear               0x000808df   0x1c  Code  Gb  gpio.o [1]
GpioInit                0x000806a9  0x19a  Code  Gb  gpio.o [1]
GpioIrqHandler          0x0008095f   0x24  Code  Lc  gpio.o [1]
GpioIrqInstall          0x00080843   0x80  Code  Gb  gpio.o [1]
GpioIsSet               0x0008091b   0x1c  Code  Gb  gpio.o [1]
GpioSet                 0x000808c3   0x1c  Code  Gb  gpio.o [1]
GpioSetState            0x000808fb   0x20  Code  Gb  gpio.o [1]
HDMA_IrqHandler         0x00082e13    0x2  Code  Wk  irq.o [1]
HEAP$$Base              0x20000440          --   Gb  - Linker created -
HEAP$$Limit             0x20000640          --   Gb  - Linker created -
HSMC4_IrqHandler        0x00082dfd    0x2  Code  Wk  irq.o [1]
HardFault_Handler       0x00082ddf    0x2  Code  Wk  irq.o [1]
I2c0IsBusy              0x000810ad    0x6  Code  Gb  i2c.o [1]
I2c1IsBusy              0x000810b3    0x8  Code  Gb  i2c.o [1]
I2cIrqHandler           0x00081215   0x68  Code  Lc  i2c.o [1]
I2cIsBusy               0x0008109f    0xe  Code  Gb  i2c.o [1]
I2cOpen                 0x00080faf   0xa6  Code  Gb  i2c.o [1]
I2cSetupClock           0x000810ed   0xd0  Code  Lc  i2c.o [1]
I2cStartTx              0x000811bd   0x58  Code  Lc  i2c.o [1]
I2cWait                 0x000810bb   0x28  Code  Gb  i2c.o [1]
I2cWriteRead            0x00081055   0x4a  Code  Gb  i2c.o [1]
IrqHandlerNotUsed       0x00082e17    0x2  Code  Wk  irq.o [1]
ItemQBytesFree          0x00081307   0x38  Code  Gb  itemQ.o [1]
ItemQBytesUsed          0x000812d9   0x2e  Code  Gb  itemQ.o [1]
ItemQFlush              0x000812cb    0xe  Code  Gb  itemQ.o [1]
ItemQIndexUpdateFromWrite
                        0x00081449   0x20  Code  Lc  itemQ.o [1]
ItemQInit               0x000812a9   0x22  Code  Gb  itemQ.o [1]
ItemQPop                0x000813a5   0x5e  Code  Gb  itemQ.o [1]
ItemQPopBytes           0x00081469   0xa6  Code  Lc  itemQ.o [1]
ItemQPush               0x0008133f   0x66  Code  Gb  itemQ.o [1]
ItemQPushBytes          0x00081403   0x46  Code  Lc  itemQ.o [1]
LcdCmd                  0x00080eaf   0x1a  Code  Lc  lcd.o [1]
LcdCmdDequeue           0x00080eeb   0x2c  Code  Lc  lcd.o [1]
LcdCmdQueue             0x00080ec9   0x22  Code  Lc  lcd.o [1]
LcdI2cDone              0x00080f21   0x10  Code  Lc  lcd.o [1]
LcdI2cErr               0x00080f31   0x10  Code  Lc  lcd.o [1]
LcdI2cWait              0x00080f17    0xa  Code  Lc  lcd.o [1]
LcdInit                 0x00080c0d   0x9a  Code  Gb  lcd.o [1]
LcdPrintf               0x00080cf3   0x26  Code  Gb  lcd.o [1]
LcdPuts                 0x00080cdd   0x16  Code  Gb  lcd.o [1]
LcdSetCursor            0x00080e8d   0x22  Code  Lc  lcd.o [1]
LcdSetPos               0x00080ca7   0x36  Code  Gb  lcd.o [1]
LcdUpdate               0x00080de1   0xac  Code  Gb  lcd.o [1]
LcdWrite                0x00080d19   0xc8  Code  Gb  lcd.o [1]
LedInit                 0x0008280b   0x2e  Code  Gb  led.o [1]
LedIoSetState           0x00082927   0x16  Code  Lc  led.o [1]
LedOff                  0x000827c7   0x1e  Code  Gb  led.o [1]
LedOn                   0x000827a9   0x1e  Code  Gb  led.o [1]
LedRgbUpdate            0x000828d3   0x54  Code  Lc  led.o [1]
LedToggle               0x000827e5   0x26  Code  Gb  led.o [1]
LedUpdate               0x00082839   0x9a  Code  Gb  led.o [1]
MCI0_IrqHandler         0x00082e01    0x2  Code  Wk  irq.o [1]
MainInit                0x00082d4b   0x2a  Code  Lc  main.o [1]
MemManage_Handler       0x00082de1    0x2  Code  Wk  irq.o [1]
MotorControlInit        0x00082d75    0x8  Code  Gb  motorControl.o [1]
MotorControlUpdate      0x00082d7d    0x8  Code  Gb  motorControl.o [1]
NMI_Handler             0x00082ddd    0x2  Code  Wk  irq.o [1]
NVIC_ClearPendingIRQ    0x0008066b   0x1a  Code  Lc  gpio.o [1]
NVIC_ClearPendingIRQ    0x00080f77   0x18  Code  Lc  i2c.o [1]
NVIC_EnableIRQ          0x00080651   0x1a  Code  Lc  gpio.o [1]
NVIC_EnableIRQ          0x00080f5d   0x1a  Code  Lc  i2c.o [1]
NVIC_EnableIRQ          0x00081511   0x18  Code  Lc  timer.o [1]
NVIC_SetPriority        0x00080685   0x24  Code  Lc  gpio.o [1]
NVIC_SetPriority        0x00080f8f   0x20  Code  Lc  i2c.o [1]
NVIC_SetPriority        0x00082bb5   0x20  Code  Lc  sysTick.o [1]
NVIC_SetPriority        0x00081529   0x20  Code  Lc  timer.o [1]
PIOA_IrqHandler         0x00080937   0x14  Code  Gb  gpio.o [1]
PIOB_IrqHandler         0x0008094b   0x14  Code  Gb  gpio.o [1]
PIOC_IrqHandler         0x00082dff    0x2  Code  Wk  irq.o [1]
PMC_IrqHandler          0x00082df7    0x2  Code  Wk  irq.o [1]
PWM_IrqHandler          0x00082e0d    0x2  Code  Wk  irq.o [1]
PendSV_Handler          0x00082deb    0x2  Code  Wk  irq.o [1]
RSTC_IrqHandler         0x00082def    0x2  Code  Wk  irq.o [1]
RTC_IrqHandler          0x00082df1    0x2  Code  Wk  irq.o [1]
RTT_IrqHandler          0x00082df3    0x2  Code  Wk  irq.o [1]
Region$$Table$$Base     0x00082e70          --   Gb  - Linker created -
Region$$Table$$Limit    0x00082e94          --   Gb  - Linker created -
RtcBcdToByte            0x00081d0b   0x18  Code  Lc  rtc.o [1]
RtcByteToBcd            0x00081cf5   0x16  Code  Lc  rtc.o [1]
RtcGet                  0x00081b7f   0x10  Code  Gb  rtc.o [1]
RtcGetTm                0x00081ba3    0xc  Code  Gb  rtc.o [1]
RtcInit                 0x00081b55   0x2a  Code  Gb  rtc.o [1]
RtcRegToTm              0x00081bfb   0x6c  Code  Lc  rtc.o [1]
RtcSet                  0x00081b8f   0x14  Code  Gb  rtc.o [1]
RtcSetTm                0x00081baf   0x4c  Code  Gb  rtc.o [1]
RtcTmToReg              0x00081c67   0x74  Code  Lc  rtc.o [1]
SPI0_IrqHandler         0x00082e05    0x2  Code  Wk  irq.o [1]
SSC0_IrqHandler         0x00082e07    0x2  Code  Wk  irq.o [1]
SUPC_IrqHandler         0x00082ded    0x2  Code  Wk  irq.o [1]
SVC_Handler             0x00082de7    0x2  Code  Wk  irq.o [1]
SolenoidUpdate          0x00082a31   0x96  Code  Gb  solenoid.o [1]
SysTickInit             0x00082be7   0x2c  Code  Gb  sysTick.o [1]
SysTickInitMs           0x00082bd5   0x12  Code  Gb  sysTick.o [1]
SysTickStop             0x00082c13    0x8  Code  Gb  sysTick.o [1]
SysTick_Handler         0x00082c1b    0xc  Code  Gb  sysTick.o [1]
TC0_IrqHandler          0x000816fd   0x3a  Code  Gb  timer.o [1]
TC1_IrqHandler          0x00082e09    0x2  Code  Wk  irq.o [1]
TC2_IrqHandler          0x00082e0b    0x2  Code  Wk  irq.o [1]
TWI0_IrqHandler         0x000810e3    0xa  Code  Gb  i2c.o [1]
TWI1_IrqHandler         0x00082e03    0x2  Code  Wk  irq.o [1]
TactInit                0x00082ae5   0x34  Code  Gb  tact.o [1]
TimerInit               0x00081549   0x80  Code  Gb  timer.o [1]
TimerMsGet              0x000816b3   0x16  Code  Gb  timer.o [1]
TimerMsStopIfUnused     0x000816c9   0x1e  Code  Gb  timer.o [1]
TimerTimeXMs            0x000815c9   0x12  Code  Gb  timer.o [1]
TimerTimeXMsRestart     0x000815db   0x82  Code  Gb  timer.o [1]
TimerWaitMsActive       0x000816f5    0x8  Code  Lc  timer.o [1]
TimerWaitXMs            0x0008165d   0x3a  Code  Gb  timer.o [1]
TimerWaitXMsCallback    0x000816e9    0xa  Code  Lc  timer.o [1]
TimerWaitXUs            0x00081697   0x1c  Code  Gb  timer.o [1]
UDPD_IrqHandler         0x00082e15    0x2  Code  Wk  irq.o [1]
USART0_IrqHandler       0x0008295b    0xa  Code  Gb  usart.o [1]
USART1_IrqHandler       0x00082965    0xa  Code  Gb  usart.o [1]
USART2_IrqHandler       0x0008296f    0xa  Code  Gb  usart.o [1]
USART3_IrqHandler       0x00082979    0xa  Code  Gb  usart.o [1]
UsageFault_Handler      0x00082de5    0x2  Code  Wk  irq.o [1]
UsartHandler            0x00082997   0x84  Code  Lc  usart.o [1]
UsartRxRemain           0x00082983   0x14  Code  Lc  usart.o [1]
VersionBuildTime        0x00081d3d   0x86  Code  Lc  version.o [1]
VersionGetBuildTime     0x00081d25   0x18  Code  Gb  version.o [1]
WDT_IrqHandler          0x00082df5    0x2  Code  Wk  irq.o [1]
WdtInit                 0x00082d85    0x8  Code  Gb  wdt.o [1]
WdtKill                 0x00082d8d    0xa  Code  Gb  wdt.o [1]
_Getdst                 0x0008250d  0x140  Code  Gb  xgetdst.o [3]
_Gettime                0x00082167   0x42  Code  Gb  xgettime.o [3]
_IsdstStr               0x20000038    0x4  Data  Gb  setlocale.o [3]
_Isdst_olddst           0x2000003c    0x4  Data  Lc  xisdst.o [3]
_Isdst_rules            0x20000044    0x4  Data  Gb  xisdstData.o [3]
_LitobSmallNoMb         0x00080459   0xce  Code  Lc  xprintfsmall_nomb.o [3]
_LocaleC_isalpha        0x000818df   0x22  Code  Gb  lcd.o [1]
_LocaleC_islower        0x0008192b   0x12  Code  Gb  utils.o [1]
_LocaleC_ispunct        0x00081901   0x2a  Code  Gb  lcd.o [1]
_LocaleC_isupper        0x0008193d   0x12  Code  Gb  lcd.o [1]
_Localtime_oldzone      0x2000002c    0x4  Data  Lc  localtim.o [3]
_Localtime_tzoff        0x20000030    0x4  Data  Lc  localtim.o [3]
_PrintfSmallNoMb        0x000800bd  0x396  Code  Gb  xprintfsmall_nomb.o [3]
_PutcharsSmallNoMb      0x00080527   0x2e  Code  Lc  xprintfsmall_nomb.o [3]
_SNProut                0x00080bf3   0x1a  Code  Gb  xsnprout.o [3]
_Ttotm_ts               0x20000000   0x2c  Data  Lc  xttotm.o [3]
_Tzoff                  0x00081eb9   0x96  Code  Gb  localtim.o [3]
_TzoneStr               0x20000034    0x4  Data  Gb  setlocale.o [3]
__ICFEDIT_intvec_start__ {Abs}
                        0x00080000          --   Gb  command line/config [2]
__aeabi_errno_addr      0x000824d9    0x6  Code  Gb  errno.o [3]
__aeabi_i2f             0x00082b85         Code  Gb  I32ToFlt.o [4]
__aeabi_memset          0x00080b8d         Code  Gb  ABImemset.o [5]
__cmain                 0x00082e95         Code  Gb  cmain.o [5]
__data_Aldata           0x200003f8    0x8  Data  Gb  xxmemxmalloc.o [3]
__data_GetMemChunk      0x0008277d   0x2c  Code  Gb  xgetmemchunk.o [3]
__exit                  0x00082ed5   0x14  Code  Gb  exit.o [6]
__getzone               0x0008215d    0x6  Code  Gb  getzone.o [3]
__iar_Daysto32          0x00081fa5   0x3a  Code  Gb  xttotm.o [3]
__iar_Errno             0x20000040    0x4  Data  Gb  errno.o [3]
__iar_Isdst32           0x000823a5  0x134  Code  Gb  xisdst.o [3]
__iar_Memchr            0x000805f9         Code  Gb  memchr.o [5]
__iar_Memset            0x00080b8d         Code  Gb  ABImemset.o [5]
__iar_Memset_word       0x00080b95         Code  Gb  ABImemset.o [5]
__iar_Stolx             0x000821a9   0x86  Code  Gb  xstol.o [3]
__iar_Stoul             0x0008234f    0x4  Code  Gb  xstoul.o [3]
__iar_Stoulx            0x00082231  0x118  Code  Gb  xstoul.o [3]
__iar_Strchr            0x0008055d         Code  Gb  strchr.o [5]
__iar_Ttotm32           0x00081fdf  0x110  Code  Gb  xttotm.o [3]
__iar_TzoneStr_init     0x00082131   0x24  Code  Gb  setlocale.o [3]
__iar_copy_init3        0x00080573   0x2e  Code  Gb  copy_init3.o [5]
__iar_data_init3        0x00082e49   0x28  Code  Gb  data_init.o [5]
__iar_dlib_perthread_access
                        0x0008212d    0x2  Code  Gb  xtls.o [3]
__iar_program_start     0x00082f21         Code  Gb  cstartup_M.o [5]
__iar_ui2f              0x00082b99         Code  Gb  I32ToFlt.o [4]
__iar_unaligned___aeabi_memcpy
                        0x00081869         Code  Gb  ABImemcpy_unaligned.o [5]
__iar_unaligned___aeabi_memcpy4
                        0x00081889         Code  Gb  ABImemcpy_unaligned.o [5]
__iar_unaligned___aeabi_memcpy8
                        0x00081889         Code  Gb  ABImemcpy_unaligned.o [5]
__iar_unaligned_memcmp  0x000817e1         Code  Gb  memcmp_unaligned.o [5]
__iar_zero_init3        0x000805d7   0x22  Code  Gb  zero_init3.o [5]
__localtime32           0x00081f59   0x1a  Code  Gb  localtim.o [3]
__low_level_init        0x00082eb1   0x14  Code  Gb  board_cstartup_iar.o [1]
__mktime32              0x00081de5   0xd4  Code  Gb  mktime.o [3]
__vector_table          0x00080000   0xbc  Data  Gb  board_cstartup_iar.o [1]
_call_main              0x00082ea1         Code  Gb  cmain.o [5]
_exit                   0x00082ec9         Code  Gb  cexit.o [5]
_main                   0x00082eab         Code  Gb  cmain.o [5]
atoi                    0x00081f9d    0x8  Code  Gb  atoi.o [3]
beeper                  0x20000400    0x4  Data  Lc  beeper.o [1]
btns                    0x2000033c   0x50  Data  Lc  button.o [1]
currTime                0x20000428    0x4  Data  Gb  tact.o [1]
digits                  0x00082354   0x28  Data  Lc  xstoul.o [3]
exit                    0x00082ec5    0x4  Code  Gb  exit.o [3]
free                    0x0008264d   0x7a  Code  Gb  xxmemxfree.o [3]
freqRPM                 0x20000430    0x4  Data  Gb  tact.o [1]
freqRPS                 0x2000042c    0x4  Data  Gb  tact.o [1]
getint                  0x000824e5   0x28  Code  Lc  xgetdst.o [3]
i2cDefs                 0x00082ef8   0x10  Data  Lc  i2c.o [1]
i2cDev                  0x2000038c   0x30  Data  Lc  i2c.o [1]
isalpha                 0x0008184f    0xc  Code  Gb  lcd.o [1]
isprint                 0x000817b5   0x2a  Code  Gb  lcd.o [1]
ispunct                 0x0008185b    0xc  Code  Gb  lcd.o [1]
lastTickTime            0x20000420    0x4  Data  Gb  tact.o [1]
lcd                     0x2000012c   0xbc  Data  Lc  lcd.o [1]
ledPins                 0x00082f08    0xc  Data  Lc  led.o [1]
ledRgbState             0x200003ec    0xc  Data  Lc  led.o [1]
ledSinTable             0x00082c40   0x80  Data  Lc  led.o [1]
ledState                0x200002e4   0x58  Data  Lc  led.o [1]
lmos                    0x000820fc   0x18  Data  Lc  xttotm.o [3]
main                    0x00082d1d   0x2e  Code  Gb  main.o [1]
malloc                  0x000826cd   0xac  Code  Gb  xxmemxmalloc.o [3]
memchr                  0x000805f9         Code  Gb  memchr.o [5]
memcpy                  0x00081843    0xc  Code  Gb  memcpy.o [3]
memset                  0x00080b79   0x14  Code  Gb  memset.o [3]
mos                     0x00082114   0x18  Data  Lc  xttotm.o [3]
ndigs                   0x0008237c   0x28  Data  Lc  xstoul.o [3]
pGpioReg                0x00082f2c    0x8  Data  Lc  gpio.o [1]
period                  0x2000041c    0x4  Data  Gb  tact.o [1]
pfnGpioIrqs             0x20000048   0xe4  Data  Lc  gpio.o [1]
programId               0x00082d9c   0x40  Data  Gb  version.o [1]
rtc                     0x200003bc   0x30  Data  Lc  rtc.o [1]
sinceTickTime           0x20000424    0x4  Data  Gb  tact.o [1]
sol1Start               0x20000404    0x4  Data  Gb  solenoid.o [1]
sol1Stop                0x20000408    0x4  Data  Gb  solenoid.o [1]
sol2Start               0x2000040c    0x4  Data  Gb  solenoid.o [1]
sol2Stop                0x20000410    0x4  Data  Gb  solenoid.o [1]
strchr                  0x0008055d         Code  Gb  strchr.o [5]
strlen                  0x000805a1         Code  Gb  strlen.o [5]
strncmp                 0x00081f73   0x2a  Code  Gb  strncmp.o [3]
sysTick                 0x20000418    0x4  Data  Lc  sysTick.o [1]
tSinceTick              0x20000414    0x4  Data  Gb  solenoid.o [1]
tactUpdate              0x00082b29   0x44  Code  Gb  tact.o [1]
timer                   0x20000274   0x70  Data  Lc  timer.o [1]
usartCfg                0x200001e8   0x8c  Data  Lc  usart.o [1]
versionBuildTime        0x20000434    0x4  Data  Lc  version.o [1]
vsnprintf               0x00081779   0x3c  Code  Gb  vsnprint.o [3]


[1] = C:\Users\Quinn\Documents\GitHub\motor-project\project\Debug\Obj
[2] = command line
[3] = dl7M_tln.a
[4] = m7M_tl.a
[5] = rt7M_tl.a
[6] = shb_l.a

  11 556 bytes of readonly  code memory
     676 bytes of readonly  data memory
   9 788 bytes of readwrite data memory

Errors: none
Warnings: none
