###############################################################################
#                                                                             #
# IAR ANSI C/C++ Compiler V6.60.2.5449/W32 for ARM      10/Mar/2015  21:59:03 #
# Copyright 1999-2013 IAR Systems AB.                                         #
#                                                                             #
#    Cpu mode     =  thumb                                                    #
#    Endian       =  little                                                   #
#    Source file  =  C:\Users\Quinn\Documents\GitHub\motor-project\src\driver #
#                    s\solenoid.c                                             #
#    Command line =  C:\Users\Quinn\Documents\GitHub\motor-project\src\driver #
#                    s\solenoid.c -D __SAM3U2C__ --preprocess=c               #
#                    C:\Users\Quinn\Documents\GitHub\motor-project\project\De #
#                    bug\List\ -lcN C:\Users\Quinn\Documents\GitHub\motor-pro #
#                    ject\project\Debug\List\ --diag_suppress Pa050 -o        #
#                    C:\Users\Quinn\Documents\GitHub\motor-project\project\De #
#                    bug\Obj\ --no_cse --no_unroll --no_inline                #
#                    --no_code_motion --no_tbaa --no_clustering               #
#                    --no_scheduling --debug --endian=little --cpu=Cortex-M3  #
#                    -e --fpu=None --dlib_config "C:\Program Files (x86)\IAR  #
#                    Systems\Embedded Workbench 6.5\arm\INC\c\DLib_Config_Nor #
#                    mal.h" -I C:\Users\Quinn\Documents\GitHub\motor-project\ #
#                    project\..\src\ -I C:\Users\Quinn\Documents\GitHub\motor #
#                    -project\project\..\src\bsp\ -I                          #
#                    C:\Users\Quinn\Documents\GitHub\motor-project\project\.. #
#                    \src\app\ -I C:\Users\Quinn\Documents\GitHub\motor-proje #
#                    ct\project\..\src\lib\utils\ -I                          #
#                    C:\Users\Quinn\Documents\GitHub\motor-project\project\.. #
#                    \src\lib\structures\src\ -I                              #
#                    C:\Users\Quinn\Documents\GitHub\motor-project\project\.. #
#                    \src\lib\file\ -I C:\Users\Quinn\Documents\GitHub\motor- #
#                    project\project\..\src\lib\file\hooks\FatFs\ -I          #
#                    C:\Users\Quinn\Documents\GitHub\motor-project\project\.. #
#                    \src\lib\file\disk\ -I C:\Users\Quinn\Documents\GitHub\m #
#                    otor-project\project\..\src\lib\version\ -I              #
#                    C:\Users\Quinn\Documents\GitHub\motor-project\project\.. #
#                    \src\lib\FatFs\ -I C:\Users\Quinn\Documents\GitHub\motor #
#                    -project\project\..\src\bsp\ -I                          #
#                    C:\Users\Quinn\Documents\GitHub\motor-project\project\.. #
#                    \src\config\ -I C:\Users\Quinn\Documents\GitHub\motor-pr #
#                    oject\project\..\src\drivers\ -I                         #
#                    C:\Users\Quinn\Documents\GitHub\motor-project\project\.. #
#                    \src\utils\ -I C:\Users\Quinn\Documents\GitHub\motor-pro #
#                    ject\project\..\src\drivers\ -On -I "C:\Program Files    #
#                    (x86)\IAR Systems\Embedded Workbench                     #
#                    6.5\arm\CMSIS\Include\"                                  #
#    List file    =  C:\Users\Quinn\Documents\GitHub\motor-project\project\De #
#                    bug\List\solenoid.lst                                    #
#    Object file  =  C:\Users\Quinn\Documents\GitHub\motor-project\project\De #
#                    bug\Obj\solenoid.o                                       #
#                                                                             #
#                                                                             #
###############################################################################

C:\Users\Quinn\Documents\GitHub\motor-project\src\drivers\solenoid.c
      1          /*******************************************************************************************
      2          Description:
      3          Controls the timing of the solenoids based on a given period and voltage
      4          
      5          Quinn Miller
      6          ********************************************************************************************/
      7          
      8          
      9          #include "solenoid.h"
     10          #include "tact.h"
     11          
     12          /* Testing123 */
     13          #include "led.h"
     14          #include "lcd.h"
     15          /* Testing123 */
     16          
     17          /**************************************************************************
     18           *                                  Constants
     19           **************************************************************************/
     20          int DEFAULT_VOLTS = 0;
     21          int DEFAULT_PERIOD = 1000;
     22          
     23          float BUFFER_PERCENT = 10;
     24          /**************************************************************************
     25           *                                  Types
     26           **************************************************************************/
     27          /**************************************************************************
     28           *                                  Variables
     29           **************************************************************************/
     30          int sol1Start;
     31          int sol1Stop;
     32          int sol2Start;
     33          int sol2Stop;
     34          int periodSol;
     35          int voltage;
     36          
     37          int tSinceTick;
     38          /**************************************************************************
     39           *                                  Prototypes
     40           **************************************************************************/
     41          
     42          /**************************************************************************
     43           *                                  Global Functions
     44           **************************************************************************/
     45          void SolenoidInit() {
     46               SetSolenoidParam(DEFAULT_VOLTS, DEFAULT_PERIOD);
     47          }
     48          
     49          void SolenoidUpdate() {
     50            
     51            // update solenoid outputs
     52            tSinceTick = GetTimeSinceTick();
     53            
     54            /* Testing123 */
     55            LcdSetPos(0,0);
     56            LcdPrintf("%d", tSinceTick);
     57            LcdSetPos(1,0);
     58            LcdPrintf("%d %d %d %d", sol1Start, sol1Stop, sol2Start, sol2Stop);
     59            /* Testing123 */
     60            
     61            if ( sol1Start<tSinceTick && tSinceTick<sol1Stop ) {
     62              LedOn(LED_GREEN);
     63              LedOff(LED_ORANGE);
     64            } else if ( sol2Start<tSinceTick && tSinceTick<sol2Stop ) {
     65              LedOn(LED_ORANGE);
     66              LedOff(LED_GREEN);
     67            } else {
     68              LedOff(LED_GREEN);
     69              LedOn(LED_ORANGE);
     70            }
     71            //LedUpdate();
     72          }
     73          
     74          void SetSolenoidParam(int volts, int periodMs) {
     75            periodSol = periodMs;
     76            voltage = volts;
     77            
     78              // initialize variables
     79            sol1Start = (int)(periodSol*BUFFER_PERCENT/100);
     80            sol1Stop = (int)(periodSol*(0.5-BUFFER_PERCENT/100));
     81            sol2Start = (int)(periodSol*(0.5+BUFFER_PERCENT/100));
     82            sol2Stop = (int)(periodSol*(1-BUFFER_PERCENT/100));
     83          }
     84          /**************************************************************************
     85           *                                 Private Functions
     86           **************************************************************************/
     87          

   Maximum stack usage in bytes:

   .cstack Function
   ------- --------
      24   SetSolenoidParam
        24   -> __aeabi_d2iz
        24   -> __aeabi_dadd
        24   -> __aeabi_dmul
        24   -> __aeabi_dsub
        24   -> __aeabi_f2d
        24   -> __aeabi_f2iz
        24   -> __aeabi_fdiv
        24   -> __aeabi_fmul
        24   -> __aeabi_fsub
        24   -> __aeabi_i2d
        24   -> __aeabi_i2f
       8   SolenoidInit
         8   -> SetSolenoidParam
       8   SolenoidUpdate
         8   -> GetTimeSinceTick
         8   -> LcdPrintf
         8   -> LcdSetPos
         8   -> LedOff
         8   -> LedOn


   Section sizes:

   Bytes  Function/Label
   -----  --------------
      12  ?<Constant "%d %d %d %d">
       4  ?<Constant "%d">
       4  ??DataTable2
       4  ??DataTable2_1
       4  ??DataTable2_10
       4  ??DataTable2_11
       4  ??DataTable2_12
       4  ??DataTable2_13
       4  ??DataTable2_2
       4  ??DataTable2_3
       4  ??DataTable2_4
       4  ??DataTable2_5
       4  ??DataTable2_6
       4  ??DataTable2_7
       4  ??DataTable2_8
       4  ??DataTable2_9
       4  BUFFER_PERCENT
       4  DEFAULT_PERIOD
       4  DEFAULT_VOLTS
     194  SetSolenoidParam
      16  SolenoidInit
     150  SolenoidUpdate
       4  periodSol
       4  sol1Start
       4  sol1Stop
       4  sol2Start
       4  sol2Stop
       4  tSinceTick
       4  voltage

 
  32 bytes in section .bss
   8 bytes in section .data
  16 bytes in section .rodata
 416 bytes in section .text
 
 416 bytes of CODE  memory
  16 bytes of CONST memory
  40 bytes of DATA  memory

Errors: none
Warnings: none
