###############################################################################
#                                                                             #
# IAR ANSI C/C++ Compiler V6.60.2.5449/W32 for ARM      09/Mar/2015  14:40:28 #
# Copyright 1999-2013 IAR Systems AB.                                         #
#                                                                             #
#    Cpu mode     =  thumb                                                    #
#    Endian       =  little                                                   #
#    Source file  =  C:\Users\Quinn\Documents\GitHub\motor-project\src\driver #
#                    s\tact.c                                                 #
#    Command line =  C:\Users\Quinn\Documents\GitHub\motor-project\src\driver #
#                    s\tact.c -D __SAM3U2C__ --preprocess=c                   #
#                    C:\Users\Quinn\Documents\GitHub\motor-project\project\De #
#                    bug\List\ -lcN C:\Users\Quinn\Documents\GitHub\motor-pro #
#                    ject\project\Debug\List\ --diag_suppress Pa050 -o        #
#                    C:\Users\Quinn\Documents\GitHub\motor-project\project\De #
#                    bug\Obj\ --no_cse --no_unroll --no_inline                #
#                    --no_code_motion --no_tbaa --no_clustering               #
#                    --no_scheduling --debug --endian=little --cpu=Cortex-M3  #
#                    -e --fpu=None --dlib_config "C:\Program Files (x86)\IAR  #
#                    Systems\Embedded Workbench 6.5\arm\INC\c\DLib_Config_Nor #
#                    mal.h" -I C:\Users\Quinn\Documents\GitHub\motor-project\ #
#                    project\..\src\ -I C:\Users\Quinn\Documents\GitHub\motor #
#                    -project\project\..\src\bsp\ -I                          #
#                    C:\Users\Quinn\Documents\GitHub\motor-project\project\.. #
#                    \src\app\ -I C:\Users\Quinn\Documents\GitHub\motor-proje #
#                    ct\project\..\src\lib\utils\ -I                          #
#                    C:\Users\Quinn\Documents\GitHub\motor-project\project\.. #
#                    \src\lib\structures\src\ -I                              #
#                    C:\Users\Quinn\Documents\GitHub\motor-project\project\.. #
#                    \src\lib\file\ -I C:\Users\Quinn\Documents\GitHub\motor- #
#                    project\project\..\src\lib\file\hooks\FatFs\ -I          #
#                    C:\Users\Quinn\Documents\GitHub\motor-project\project\.. #
#                    \src\lib\file\disk\ -I C:\Users\Quinn\Documents\GitHub\m #
#                    otor-project\project\..\src\lib\version\ -I              #
#                    C:\Users\Quinn\Documents\GitHub\motor-project\project\.. #
#                    \src\lib\FatFs\ -I C:\Users\Quinn\Documents\GitHub\motor #
#                    -project\project\..\src\bsp\ -I                          #
#                    C:\Users\Quinn\Documents\GitHub\motor-project\project\.. #
#                    \src\config\ -I C:\Users\Quinn\Documents\GitHub\motor-pr #
#                    oject\project\..\src\drivers\ -I                         #
#                    C:\Users\Quinn\Documents\GitHub\motor-project\project\.. #
#                    \src\utils\ -I C:\Users\Quinn\Documents\GitHub\motor-pro #
#                    ject\project\..\src\drivers\ -On -I "C:\Program Files    #
#                    (x86)\IAR Systems\Embedded Workbench                     #
#                    6.5\arm\CMSIS\Include\"                                  #
#    List file    =  C:\Users\Quinn\Documents\GitHub\motor-project\project\De #
#                    bug\List\tact.lst                                        #
#    Object file  =  C:\Users\Quinn\Documents\GitHub\motor-project\project\De #
#                    bug\Obj\tact.o                                           #
#                                                                             #
#                                                                             #
###############################################################################

C:\Users\Quinn\Documents\GitHub\motor-project\src\drivers\tact.c
      1          /*******************************************************************************************
      2          Description:
      3          Determines revolution period (ms) and frequency (rev/sec and rev/min)
      4          
      5          Quinn Miller
      6          ********************************************************************************************/
      7          
      8          
      9          #include "tact.h"
     10          #include "gpio.h"
     11          #include "timer.h"
     12          
     13          
     14          /**************************************************************************
     15           *                                  Constants
     16           **************************************************************************/
     17          /**************************************************************************
     18           *                                  Types
     19           **************************************************************************/
     20          /**************************************************************************
     21           *                                  Variables
     22           **************************************************************************/
     23          int period;
     24          int lastTickTime;
     25          int sinceTickTime;
     26          int currTime;
     27          
     28          float freqRPS;
     29          float freqRPM;
     30          /**************************************************************************
     31           *                                  Prototypes
     32           **************************************************************************/
     33          /**************************************************************************
     34           *                                  Global Functions
     35           **************************************************************************/
     36          void TactInit() {
     37            
     38            // initailize variables
     39            period = 0;
     40            lastTickTime = 0;
     41            sinceTickTime = 0;
     42            currTime = 0;
     43            
     44            freqRPS = 0;
     45            freqRPM = 0;
     46            
     47            // initialize interrupt
     48            // GpioIrqInstall(GPIO_PIN_TACT, GPIO_IRQ_FALLING_EDGE, tactUpdate)
     49          }
     50          
     51          int GetPeriod() {
     52            return period;
     53          }
     54          
     55          float GetRPS() {
     56            return freqRPS;
     57          }
     58          
     59          float GetRPM() {
     60            return freqRPM;
     61          }
     62          
     63          int GetTimeSinceTick() {
     64            currTime = TimerMsGet();
     65            sinceTickTime = currTime - lastTickTime;
     66            
     67            return sinceTickTime;
     68          }
     69          
     70          /**************************************************************************
     71           *                                 Private Functions
     72           **************************************************************************/
     73          
     74          void tactUpdate() {
     75            period = GetTimeSinceTick();
     76            freqRPS = 1/period;
     77            freqRPM = 60/period;
     78            
     79            lastTickTime = TimerMsGet();
     80          }
     81          
     82          

   Maximum stack usage in bytes:

   .cstack Function
   ------- --------
       0   GetPeriod
       0   GetRPM
       0   GetRPS
       8   GetTimeSinceTick
         8   -> TimerMsGet
       0   TactInit
       8   tactUpdate
         8   -> GetTimeSinceTick
         8   -> TimerMsGet
         8   -> __aeabi_i2f


   Section sizes:

   Bytes  Function/Label
   -----  --------------
       4  ??DataTable5
       4  ??DataTable5_1
       4  ??DataTable5_2
       4  ??DataTable5_3
       4  ??DataTable5_4
       4  ??DataTable5_5
       6  GetPeriod
       6  GetRPM
       6  GetRPS
      30  GetTimeSinceTick
      38  TactInit
       4  currTime
       4  freqRPM
       4  freqRPS
       4  lastTickTime
       4  period
       4  sinceTickTime
      56  tactUpdate

 
  24 bytes in section .bss
 166 bytes in section .text
 
 166 bytes of CODE memory
  24 bytes of DATA memory

Errors: none
Warnings: none
