###############################################################################
#                                                                             #
# IAR ANSI C/C++ Compiler V6.60.2.5449/W32 for ARM      17/Mar/2014  18:12:39 #
# Copyright 1999-2013 IAR Systems AB.                                         #
#                                                                             #
#    Cpu mode     =  thumb                                                    #
#    Endian       =  little                                                   #
#    Source file  =  C:\Users\Quinn\Documents\School\MPG\SVN                  #
#                    Server\src\bsp\time.c                                    #
#    Command line =  "C:\Users\Quinn\Documents\School\MPG\SVN                 #
#                    Server\src\bsp\time.c" -D __SAM3U2C__ --preprocess=c     #
#                    "C:\Users\Quinn\Documents\School\MPG\SVN                 #
#                    Server\project\Debug\List\" -lcN                         #
#                    "C:\Users\Quinn\Documents\School\MPG\SVN                 #
#                    Server\project\Debug\List\" --diag_suppress Pa050 -o     #
#                    "C:\Users\Quinn\Documents\School\MPG\SVN                 #
#                    Server\project\Debug\Obj\" --no_cse --no_unroll          #
#                    --no_inline --no_code_motion --no_tbaa --no_clustering   #
#                    --no_scheduling --debug --endian=little --cpu=Cortex-M3  #
#                    -e --fpu=None --dlib_config "C:\Program Files (x86)\IAR  #
#                    Systems\Embedded Workbench 6.5\arm\INC\c\DLib_Config_Nor #
#                    mal.h" -I "C:\Users\Quinn\Documents\School\MPG\SVN       #
#                    Server\project\..\src\" -I "C:\Users\Quinn\Documents\Sch #
#                    ool\MPG\SVN Server\project\..\src\bsp\" -I               #
#                    "C:\Users\Quinn\Documents\School\MPG\SVN                 #
#                    Server\project\..\src\app\" -I                           #
#                    "C:\Users\Quinn\Documents\School\MPG\SVN                 #
#                    Server\project\..\src\lib\utils\" -I                     #
#                    "C:\Users\Quinn\Documents\School\MPG\SVN                 #
#                    Server\project\..\src\lib\structures\src\" -I            #
#                    "C:\Users\Quinn\Documents\School\MPG\SVN                 #
#                    Server\project\..\src\lib\file\" -I                      #
#                    "C:\Users\Quinn\Documents\School\MPG\SVN                 #
#                    Server\project\..\src\lib\file\hooks\FatFs\" -I          #
#                    "C:\Users\Quinn\Documents\School\MPG\SVN                 #
#                    Server\project\..\src\lib\file\disk\" -I                 #
#                    "C:\Users\Quinn\Documents\School\MPG\SVN                 #
#                    Server\project\..\src\lib\version\" -I                   #
#                    "C:\Users\Quinn\Documents\School\MPG\SVN                 #
#                    Server\project\..\src\lib\FatFs\" -I                     #
#                    "C:\Users\Quinn\Documents\School\MPG\SVN                 #
#                    Server\project\..\src\bsp\" -I                           #
#                    "C:\Users\Quinn\Documents\School\MPG\SVN                 #
#                    Server\project\..\src\config\" -I                        #
#                    "C:\Users\Quinn\Documents\School\MPG\SVN                 #
#                    Server\project\..\src\drivers\" -I                       #
#                    "C:\Users\Quinn\Documents\School\MPG\SVN                 #
#                    Server\project\..\src\utils\" -I                         #
#                    "C:\Users\Quinn\Documents\School\MPG\SVN                 #
#                    Server\project\..\src\drivers\" -On -I "C:\Program       #
#                    Files (x86)\IAR Systems\Embedded Workbench               #
#                    6.5\arm\CMSIS\Include\"                                  #
#    List file    =  C:\Users\Quinn\Documents\School\MPG\SVN                  #
#                    Server\project\Debug\List\time.lst                       #
#    Object file  =  C:\Users\Quinn\Documents\School\MPG\SVN                  #
#                    Server\project\Debug\Obj\time.o                          #
#                                                                             #
#                                                                             #
###############################################################################

C:\Users\Quinn\Documents\School\MPG\SVN Server\src\bsp\time.c
      1          /*******************
      2           *
      3           * Copyright 1998-2010 IAR Systems AB.
      4           *
      5           * This is the default implementation of the "time" function of the
      6           * standard library.  It can be replaced with a system-specific
      7           * implementation.
      8           *
      9           * The "time" function returns the current calendar time.  (time_t)-1
     10           * should be returned if the calendar time is not available.  The time
     11           * is measured in seconds since the first of January 1970.
     12           *
     13           ********************/
     14          
     15          #include <time.h>
     16          #include "rtc.h"
     17          
     18          #pragma module_name = "?time"
     19          
     20          __time32_t (__time32)(__time32_t *t)
     21          {
     22             __time32_t tm = (__time32_t)RtcGet();
     23             if (t)
     24             {
     25               *t = tm;
     26             }
     27             return tm;
     28          }

   Maximum stack usage in bytes:

   .cstack Function
   ------- --------
       8   __time32
         8   -> RtcGet


   Section sizes:

   Bytes  Function/Label
   -----  --------------
      16  __time32

 
 16 bytes in section .text
 
 16 bytes of CODE memory

Errors: none
Warnings: none
