###############################################################################
#                                                                             #
# IAR ANSI C/C++ Compiler V6.60.2.5449/W32 for ARM      17/Mar/2014  18:09:12 #
# Copyright 1999-2013 IAR Systems AB.                                         #
#                                                                             #
#    Cpu mode     =  thumb                                                    #
#    Endian       =  little                                                   #
#    Source file  =  C:\Users\Quinn\Documents\School\MPG\SVN                  #
#                    Server\src\drivers\wdt.c                                 #
#    Command line =  "C:\Users\Quinn\Documents\School\MPG\SVN                 #
#                    Server\src\drivers\wdt.c" -D UNIT_TESTING=1              #
#                    --preprocess=c "C:\Users\Quinn\Documents\School\MPG\SVN  #
#                    Server\project\UnitTests\List\" -lcN                     #
#                    "C:\Users\Quinn\Documents\School\MPG\SVN                 #
#                    Server\project\UnitTests\List\" --diag_suppress Pa050    #
#                    -o "C:\Users\Quinn\Documents\School\MPG\SVN              #
#                    Server\project\UnitTests\Obj\" --no_cse --no_unroll      #
#                    --no_inline --no_code_motion --no_tbaa --no_clustering   #
#                    --no_scheduling --debug --endian=little --cpu=Cortex-M3  #
#                    -e --fpu=None --dlib_config "C:\Program Files (x86)\IAR  #
#                    Systems\Embedded Workbench 6.5\arm\INC\c\DLib_Config_Ful #
#                    l.h" -I "C:\Users\Quinn\Documents\School\MPG\SVN         #
#                    Server\project\..\src\" -I "C:\Users\Quinn\Documents\Sch #
#                    ool\MPG\SVN Server\project\..\src\lib\embUnit\" -I       #
#                    "C:\Users\Quinn\Documents\School\MPG\SVN                 #
#                    Server\project\..\src\app\" -I                           #
#                    "C:\Users\Quinn\Documents\School\MPG\SVN                 #
#                    Server\project\..\src\lib\utils\" -I                     #
#                    "C:\Users\Quinn\Documents\School\MPG\SVN                 #
#                    Server\project\..\src\lib\structures\src\" -I            #
#                    "C:\Users\Quinn\Documents\School\MPG\SVN                 #
#                    Server\project\..\src\lib\structures\unitTests\" -I      #
#                    "C:\Users\Quinn\Documents\School\MPG\SVN                 #
#                    Server\project\..\src\lib\file\" -I                      #
#                    "C:\Users\Quinn\Documents\School\MPG\SVN                 #
#                    Server\project\..\src\lib\file\hooks\FatFs\" -I          #
#                    "C:\Users\Quinn\Documents\School\MPG\SVN                 #
#                    Server\project\..\src\lib\file\disk\" -I                 #
#                    "C:\Users\Quinn\Documents\School\MPG\SVN                 #
#                    Server\project\..\src\lib\FatFs\" -I                     #
#                    "C:\Users\Quinn\Documents\School\MPG\SVN                 #
#                    Server\project\..\src\bsp\" -I                           #
#                    "C:\Users\Quinn\Documents\School\MPG\SVN                 #
#                    Server\project\..\src\config\" -I                        #
#                    "C:\Users\Quinn\Documents\School\MPG\SVN                 #
#                    Server\project\..\src\drivers\" -I                       #
#                    "C:\Users\Quinn\Documents\School\MPG\SVN                 #
#                    Server\project\..\src\utils\" -I                         #
#                    "C:\Users\Quinn\Documents\School\MPG\SVN                 #
#                    Server\project\..\src\drivers\" -On -I "C:\Program       #
#                    Files (x86)\IAR Systems\Embedded Workbench               #
#                    6.5\arm\CMSIS\Include\"                                  #
#    List file    =  C:\Users\Quinn\Documents\School\MPG\SVN                  #
#                    Server\project\UnitTests\List\wdt.lst                    #
#    Object file  =  C:\Users\Quinn\Documents\School\MPG\SVN                  #
#                    Server\project\UnitTests\Obj\wdt.o                       #
#                                                                             #
#                                                                             #
###############################################################################

C:\Users\Quinn\Documents\School\MPG\SVN Server\src\drivers\wdt.c
      1          /*******************************************************************************************
      2          Watchdog Timer
      3          
      4          This is free, public domain software and there is NO WARRANTY.
      5          No restriction on use. You can use, modify and redistribute it for
      6          personal, non-profit or commercial products UNDER YOUR RESPONSIBILITY.
      7          
      8          Sheldon Patterson
      9          ********************************************************************************************/
     10          
     11          
     12          #include "wdt.h"
     13          
     14          
     15          /**************************************************************************
     16           *                                  Constants
     17           **************************************************************************/
     18          /**************************************************************************
     19           *                                  Types
     20           **************************************************************************/
     21          /**************************************************************************
     22           *                                  Variables
     23           **************************************************************************/
     24          /**************************************************************************
     25           *                                  Prototypes
     26           **************************************************************************/
     27          /**************************************************************************
     28           *                                  Global Functions
     29           **************************************************************************/
     30          void WdtInit(void)
     31          {
     32          #if WDT_INTERVAL_MS == 0
     33             WdtKill();
     34          #else
     35             // Configure to reboot at the selected timeout
     36          #define WDT_TICKS               ((((WDT_INTERVAL_MS) * 32768UL) / 128000UL) & AT91C_WDTC_WDV)
     37             AT91C_BASE_WDTC->WDTC_WDMR = (WDT_TICKS | AT91C_WDTC_WDRSTEN | AT91C_WDTC_WDDBGHLT);
     38             WdtReset();
     39          #endif
     40          }
     41          
     42          void WdtKill(void)
     43          {
     44             AT91C_BASE_WDTC->WDTC_WDMR = AT91C_WDTC_WDDIS;
     45          }
     46          
     47          
     48          /**************************************************************************
     49           *                                 Private Functions
     50           **************************************************************************/
     51          
     52          
     53          

   Maximum stack usage in bytes:

   .cstack Function
   ------- --------
       8   WdtInit
         8   -> WdtKill
       0   WdtKill


   Section sizes:

   Bytes  Function/Label
   -----  --------------
       4  ??DataTable0
       8  WdtInit
      10  WdtKill

 
 22 bytes in section .text
 
 22 bytes of CODE memory

Errors: none
Warnings: none
